// Jest Snapshot v1, https://goo.gl/fbAQLP

exports[`Login 1`] = `
<div
  className="LoginPage"
>
  <div
    className="auth-form-container"
  >
    <h2>
      Login
    </h2>
    <form
      className="login-form"
      onSubmit={[Function]}
    >
      <label
        htmlFor="email"
      >
        email
      </label>
      <input
        id="email"
        name="email"
        onChange={[Function]}
        placeholder="youremail@gmail.com"
        type="email"
        value=""
      />
      <label
        htmlFor="password"
      >
        password
      </label>
      <input
        id="password"
        name="password"
        onChange={[Function]}
        placeholder="********"
        type="password"
        value=""
      />
      <button
        type="submit"
      >
        Log In
      </button>
    </form>
    <button
      className="link-btn"
      onClick={[Function]}
    >
      Don't have an account with LLC? Register here.
    </button>
  </div>
</div>
`;
